// Jest Snapshot v1, https://goo.gl/fbAQLP

exports[`CSVParser and CSVWriter testParseAndWriter 1`] = `"[['field1', 'field2', 'field3', 'field4'], ['v11', 'v12', 'v13', 1], ['v21', 'v2l1\\\\nV2l2', 'v23', true], ['v31\\"v31', 'v32\\"\\"v32', 'v33', '3']]"`;

exports[`CSVParser and CSVWriter testParseAndWriter 2`] = `
"field1|field2|field3|field4|
v11|v12|v13|1|
v21|\\"v2l1
V2l2\\"|v23|true|
\\"v31\\"\\"v31\\"|\\"v32\\"\\"\\"\\"v32\\"|v33|\\"3\\"|
"
`;

exports[`CSVParser and CSVWriter testParseAndWriter 3`] = `"[['field1', 'field2', 'field3', 'field4'], ['v11', 'v12', 'v13', 1], ['v21', 'v2l1\\\\nV2l2', 'v23', true], ['v31\\"v31', 'v32\\"\\"v32', 'v33', '3']]"`;
